                  ╭──────────────╮    ╭──────────────╮
                  │ left         │    │ right        │
                  │ command      │    │ command      │
                  │              │    │              │
                  ╰──────────────╯    ╰──────────────╯
                          │                   │
                          ▼                   ▼
                  ╭──────────────╮    ╭──────────────╮
                  │ left_branch  │    │ right_branch │
                  │ command      │    │ command      │
                  │              │    │              │
                  ╰──────────────╯    ╰──────────────╯
                          │                   │
                          ▼                   ▼
                  ╭──────────────╮    ╭──────────────╮
                  │ left_result  │    │ right_result │
                  │ command      │    │ command      │
                  │              │    │              │
                  ╰──────────────╯    ╰──────────────╯