                              ╭──────────╮
                              │ discover │
                              │ agent    │
                              ╰──────────╯
                                    │
                                    ▼
                              ╭──────────╮
                              │ analyze  │
                              │ agent ×8 │
                              ╰──────────╯
                                    │
                                    ▼
                              ╭──────────╮
                              │ report   │
                              │ command  │
                              ╰──────────╯