                           ╭───────────╮
                           │ plan      │
                           │ agent     │◄╮
                           ╰───────────╯ │
                                 │       │
                                 ▼       ↺ review == revise_with_d…
                           ╭───────────╮ │
                           │ review    │ │
                           │ review ↺  │─╯
                           ╰───────────╯
                                 │
                                 ▽ review == approve
                           ╭───────────╮
                           │ impl      │
                           │ command ⇢ │
                           ╰───────────╯