                           ╭───────────╮
                           │ plan      │
                           │ agent     │◄╮
                           ╰───────────╯ │
                                 │       │
                                 ▼       ↺
                           ╭───────────╮ │
                           │ review    │ │
                           │ review ↺  │─╯
                           ╰───────────╯
                                 │
                                 ▽
                           ╭───────────╮
                           │ impl      │
                           │ command ⇢ │
                           ╰───────────╯