=== Unit 1: fuzzy ranking + match highlighting ===








                [38;2;107;80;255m╭──────────────────────────────────────────────╮[m
                [38;2;107;80;255m│[m  [38;2;107;80;255;1mCommands[m                                    [38;2;107;80;255m│[m
                [38;2;107;80;255m│[m  [38;2;104;255;214m> swr[m                                       [38;2;107;80;255m│[m
                [38;2;107;80;255m│[m  [38;2;236;235;240;1m› [38;2;104;255;214msw[mitch [38;2;104;255;214;1mr[mun                                [38;2;107;80;255m│[m
                [38;2;107;80;255m│[m                                              [38;2;107;80;255m│[m
                [38;2;107;80;255m│[m  [38;2;133;131;146mtype to filter · enter run · esc[m            [38;2;107;80;255m│[m
                [38;2;107;80;255m╰──────────────────────────────────────────────╯[m










=== Unit 2: Monitor palette catalog, showing "Go to Home" ===








                [38;2;107;80;255m╭──────────────────────────────────────────────╮[m
                [38;2;107;80;255m│[m  [38;2;107;80;255;1mCommands[m                                    [38;2;107;80;255m│[m
                [38;2;107;80;255m│[m  [38;2;104;255;214m> go home[m                                   [38;2;107;80;255m│[m
                [38;2;107;80;255m│[m  [38;2;236;235;240;1m› [38;2;104;255;214mGo [mto [38;2;104;255;214;1mHome[m                                [38;2;107;80;255m│[m
                [38;2;107;80;255m│[m                                              [38;2;107;80;255m│[m
                [38;2;107;80;255m│[m  [38;2;133;131;146mtype to filter · enter run · esc[m            [38;2;107;80;255m│[m
                [38;2;107;80;255m╰──────────────────────────────────────────────╯[m










=== Unit 2: Home palette catalog, showing "Go to Monitor" ===







                [38;2;107;80;255m╭──────────────────────────────────────────────╮[m
                [38;2;107;80;255m│[m  [38;2;107;80;255;1mCommands[m                                    [38;2;107;80;255m│[m
                [38;2;107;80;255m│[m  [38;2;104;255;214m> [m                                          [38;2;107;80;255m│[m
                [38;2;107;80;255m│[m  [38;2;236;235;240;1m› focus runs                    enter[m       [38;2;107;80;255m│[m
                [38;2;107;80;255m│[m    new run                       [38;2;255;96;255mr    [m       [38;2;107;80;255m│[m
                [38;2;107;80;255m│[m    Go to Monitor                 [38;2;255;96;255m     [m       [38;2;107;80;255m│[m
                [38;2;107;80;255m│[m                                              [38;2;107;80;255m│[m
                [38;2;107;80;255m│[m  [38;2;133;131;146mtype to filter · enter run · esc[m            [38;2;107;80;255m│[m
                [38;2;107;80;255m╰──────────────────────────────────────────────╯[m








