                              ╭────────╮
                              │ intake │
                              │ agent  │
                              ╰────────╯
                           ╭───────┴───────╮
                           │               │
                           ▼               ▼
                      ╭────────╮      ╭────────╮
                      │ back   │      │ front  │
                      │ agent  │      │ agent  │
                      ╰────────╯      ╰────────╯
                           ╰───────┬───────╯
                                   │
                                   ▼
                              ╭────────╮
                              │ plan   │
                              │ agent  │
                              ╰────────╯