                        ╭─────────╮
                        │ build   │
                        │ command │
                        ╰─────────╯
                             │
                             │
                             ▼
                        ╭─────────╮
                        │ analyze │
                        │ agent   │
                        ╰─────────╯
                             │
                             │
                             ▼
                        ╭─────────╮
                        │ gate    │
                        │ review  │
                        ╰─────────╯